// Jest Snapshot v1, https://goo.gl/fbAQLP

exports[`#render renders properly 1`] = `
<View
  onMoveShouldSetPanResponderCapture={[Function]}
  onPanResponderGrant={[Function]}
  onPanResponderMove={[Function]}
  onPanResponderRelease={[Function]}
  onPanResponderTerminate={[Function]}
  style={
    Array [
      Object {
        "height": "100%",
        "position": "absolute",
        "width": "100%",
      },
      Object {
        "inline": "style",
      },
    ]
  }
>
  <Child />
</View>
`;
