// Jest Snapshot v1, https://goo.gl/fbAQLP

exports[`#render renders the scenes properly 1`] = `
Array [
  <SceneWrapper
    animationValue={
      Value {
        "value": 17,
      }
    }
    index={0}
    key="0"
  />,
  <SceneWrapper
    animationValue={
      Value {
        "value": 17,
      }
    }
    index={1}
    key="1"
  />,
  <SceneWrapper
    animationValue={
      Value {
        "value": 17,
      }
    }
    index={2}
    key="2"
  />,
  <SceneWrapper
    animationValue={
      Value {
        "value": 17,
      }
    }
    index={3}
    key="3"
  />,
]
`;
