// Jest Snapshot v1, https://goo.gl/fbAQLP

exports[`renders properly 1`] = `
<StaticRouter
  basename=""
  context={Object {}}
  location="/bar"
>
  <Router
    history={
      Object {
        "action": "POP",
        "block": [Function],
        "createHref": [Function],
        "go": [Function],
        "goBack": [Function],
        "goForward": [Function],
        "listen": [Function],
        "location": Object {
          "hash": "",
          "pathname": "/bar",
          "search": "",
        },
        "push": [Function],
        "replace": [Function],
      }
    }
  >
    <Stack
      duration={123}
      easing="easing"
      initialLocation="/foo"
    >
      <Route>
        <Animation
          duration={123}
          easing="easing"
        >
          <InnerStack
            animation={
              Object {
                "play": [Function],
                "rewind": [Function],
                "value": Value {
                  "value": 0,
                },
              }
            }
            router={
              Object {
                "history": Object {
                  "action": "POP",
                  "block": [Function],
                  "createHref": [Function],
                  "go": [Function],
                  "goBack": [Function],
                  "goForward": [Function],
                  "listen": [Function],
                  "location": Object {
                    "hash": "",
                    "pathname": "/bar",
                    "search": "",
                  },
                  "push": [Function],
                  "replace": [Function],
                },
                "location": Object {
                  "hash": "",
                  "pathname": "/bar",
                  "search": "",
                },
                "match": Object {
                  "isExact": false,
                  "params": Object {},
                  "path": "/",
                  "url": "/",
                },
                "staticContext": Object {},
              }
            }
          >
            <SceneWrapper
              animationValue={
                Value {
                  "value": 0,
                }
              }
              index={0}
              key="0"
            >
              <Switch
                location={
                  Object {
                    "hash": "",
                    "pathname": "/bar",
                    "search": "",
                  }
                }
              />
            </SceneWrapper>
          </InnerStack>
        </Animation>
      </Route>
    </Stack>
  </Router>
</StaticRouter>
`;
